Component: ARM Compiler 5.06 update 3 (build 300) Tool: armlink [4d35c9]

==============================================================================

Section Cross References

    main.o(.text) refers to usart.o(.text) for DebugOutput
    main.o(.text) refers to os_flag.o(.text) for OSFlagPend
    main.o(.text) refers to upcom.o(.text) for comAnalyze
    main.o(.text) refers to os_time.o(.text) for OSTimeDlyHMSM
    main.o(.text) refers to os_q.o(.text) for OSQPend
    main.o(.text) refers to cpu_core.o(.text) for CPU_Init
    main.o(.text) refers to os_stat.o(.text) for OSStatTaskCPUUsageInit
    main.o(.text) refers to os_core.o(.text) for OSSchedRoundRobinCfg
    main.o(.text) refers to cpu_a.o(.text) for CPU_SR_Save
    main.o(.text) refers to os_task.o(.text) for OSTaskCreate
    main.o(.text) refers to delay.o(.text) for delay_init
    main.o(.text) refers to misc.o(.text) for NVIC_PriorityGroupConfig
    main.o(.text) refers to led.o(.text) for LED_Init
    main.o(.text) refers to main.o(.data) for runningStatus
    main.o(.text) refers to msg.o(.bss) for EventFlags
    main.o(.text) refers to os_var.o(.data) for OSSchedLockNestingCtr
    main.o(.text) refers to main.o(.bss) for TASK1_TASK_STK
    system_stm32f10x.o(.text) refers to system_stm32f10x.o(.data) for SystemCoreClock
    led.o(.text) refers to stm32f10x_rcc.o(.text) for RCC_APB2PeriphClockCmd
    led.o(.text) refers to stm32f10x_gpio.o(.text) for GPIO_Init
    delay.o(.text) refers to os_core.o(.text) for OSSchedLock
    delay.o(.text) refers to os_time.o(.text) for OSTimeDly
    delay.o(.text) refers to misc.o(.text) for SysTick_CLKSourceConfig
    delay.o(.text) refers to os_var.o(.data) for OSRunning
    delay.o(.text) refers to system_stm32f10x.o(.data) for SystemCoreClock
    delay.o(.text) refers to delay.o(.data) for fac_us
    delay.o(.text) refers to os_cfg_app.o(.constdata) for OSCfg_TickRate_Hz
    usart.o(.text) refers (Special) to use_no_semi_2.o(.text) for __use_no_semihosting
    usart.o(.text) refers to stm32f10x_rcc.o(.text) for RCC_APB1PeriphClockCmd
    usart.o(.text) refers to stm32f10x_gpio.o(.text) for GPIO_Init
    usart.o(.text) refers to stm32f10x_usart.o(.text) for USART_Init
    usart.o(.text) refers to _vsnprintf.o(.text) for _vsnprintf
    usart.o(.text) refers to strlen.o(.text) for strlen
    usart.o(.text) refers to misc.o(.text) for NVIC_Init
    usart.o(.text) refers to os_core.o(.text) for OSIntEnter
    usart.o(.text) refers to msg.o(.text) for sendComAnalyzeEvent
    usart.o(.text) refers to usart.o(.bss) for txBuffer
    usart.o(.text) refers to usart.o(.data) for txBufferLength
    usart.o(.bss) refers (Special) to use_no_semi_2.o(.text) for __use_no_semihosting
    usart.o(.data) refers (Special) to use_no_semi_2.o(.text) for __use_no_semihosting
    msg.o(.text) refers to os_flag.o(.text) for OSFlagPost
    msg.o(.text) refers to usart.o(.text) for DebugOutput
    msg.o(.text) refers to os_q.o(.text) for OSQPost
    msg.o(.text) refers to msg.o(.bss) for EventFlags
    upcom.o(.text) refers to usart.o(.text) for DebugOutput
    upcom.o(.text) refers to msg.o(.text) for sendFrontFeederLEDEvent
    upcom.o(.text) refers to usart.o(.data) for USART_RX_STA
    upcom.o(.text) refers to usart.o(.bss) for USART_RX_BUF
    startup_stm32f10x_hd.o(STACK) refers (Special) to heapauxi.o(.text) for __use_two_region_memory
    startup_stm32f10x_hd.o(HEAP) refers (Special) to heapauxi.o(.text) for __use_two_region_memory
    startup_stm32f10x_hd.o(RESET) refers (Special) to heapauxi.o(.text) for __use_two_region_memory
    startup_stm32f10x_hd.o(RESET) refers to startup_stm32f10x_hd.o(STACK) for __initial_sp
    startup_stm32f10x_hd.o(RESET) refers to startup_stm32f10x_hd.o(.text) for Reset_Handler
    startup_stm32f10x_hd.o(RESET) refers to stm32f10x_it.o(.text) for NMI_Handler
    startup_stm32f10x_hd.o(RESET) refers to os_cpu_a.o(CODE) for PendSV_Handler
    startup_stm32f10x_hd.o(RESET) refers to delay.o(.text) for SysTick_Handler
    startup_stm32f10x_hd.o(RESET) refers to usart.o(.text) for USART1_IRQHandler
    startup_stm32f10x_hd.o(.text) refers (Special) to heapauxi.o(.text) for __use_two_region_memory
    startup_stm32f10x_hd.o(.text) refers to system_stm32f10x.o(.text) for SystemInit
    startup_stm32f10x_hd.o(.text) refers to __main.o(!!!main) for __main
    startup_stm32f10x_hd.o(.text) refers to startup_stm32f10x_hd.o(HEAP) for Heap_Mem
    startup_stm32f10x_hd.o(.text) refers to startup_stm32f10x_hd.o(STACK) for Stack_Mem
    stm32f10x_gpio.o(.text) refers to stm32f10x_rcc.o(.text) for RCC_APB2PeriphResetCmd
    stm32f10x_usart.o(.text) refers to stm32f10x_rcc.o(.text) for RCC_APB2PeriphResetCmd
    stm32f10x_rcc.o(.text) refers to stm32f10x_rcc.o(.data) for APBAHBPrescTable
    bsp.o(.text) refers to stm32f10x_rcc.o(.text) for RCC_GetClocksFreq
    bsp.o(.text) refers to cpu_core.o(.text) for CPU_TS_TmrFreqSet
[...]
    EXTI3_IRQHandler                         0x08000fe7   Thumb Code     0  startup_stm32f10x_hd.o(.text)
    EXTI4_IRQHandler                         0x08000fe7   Thumb Code     0  startup_stm32f10x_hd.o(.text)
    EXTI9_5_IRQHandler                       0x08000fe7   Thumb Code     0  startup_stm32f10x_hd.o(.text)
    FLASH_IRQHandler                         0x08000fe7   Thumb Code     0  startup_stm32f10x_hd.o(.text)
    FSMC_IRQHandler                          0x08000fe7   Thumb Code     0  startup_stm32f10x_hd.o(.text)
    I2C1_ER_IRQHandler                       0x08000fe7   Thumb Code     0  startup_stm32f10x_hd.o(.text)
    I2C1_EV_IRQHandler                       0x08000fe7   Thumb Code     0  startup_stm32f10x_hd.o(.text)
    I2C2_ER_IRQHandler                       0x08000fe7   Thumb Code     0  startup_stm32f10x_hd.o(.text)
    I2C2_EV_IRQHandler                       0x08000fe7   Thumb Code     0  startup_stm32f10x_hd.o(.text)
    PVD_IRQHandler                           0x08000fe7   Thumb Code     0  startup_stm32f10x_hd.o(.text)
    RCC_IRQHandler                           0x08000fe7   Thumb Code     0  startup_stm32f10x_hd.o(.text)
    RTCAlarm_IRQHandler                      0x08000fe7   Thumb Code     0  startup_stm32f10x_hd.o(.text)
    RTC_IRQHandler                           0x08000fe7   Thumb Code     0  startup_stm32f10x_hd.o(.text)
    SDIO_IRQHandler                          0x08000fe7   Thumb Code     0  startup_stm32f10x_hd.o(.text)
    SPI1_IRQHandler                          0x08000fe7   Thumb Code     0  startup_stm32f10x_hd.o(.text)
    SPI2_IRQHandler                          0x08000fe7   Thumb Code     0  startup_stm32f10x_hd.o(.text)
    SPI3_IRQHandler                          0x08000fe7   Thumb Code     0  startup_stm32f10x_hd.o(.text)
    TAMPER_IRQHandler                        0x08000fe7   Thumb Code     0  startup_stm32f10x_hd.o(.text)
    TIM1_BRK_IRQHandler                      0x08000fe7   Thumb Code     0  startup_stm32f10x_hd.o(.text)
    TIM1_CC_IRQHandler                       0x08000fe7   Thumb Code     0  startup_stm32f10x_hd.o(.text)
    TIM1_TRG_COM_IRQHandler                  0x08000fe7   Thumb Code     0  startup_stm32f10x_hd.o(.text)
    TIM1_UP_IRQHandler                       0x08000fe7   Thumb Code     0  startup_stm32f10x_hd.o(.text)
    TIM2_IRQHandler                          0x08000fe7   Thumb Code     0  startup_stm32f10x_hd.o(.text)
    TIM3_IRQHandler                          0x08000fe7   Thumb Code     0  startup_stm32f10x_hd.o(.text)
    TIM4_IRQHandler                          0x08000fe7   Thumb Code     0  startup_stm32f10x_hd.o(.text)
    TIM5_IRQHandler                          0x08000fe7   Thumb Code     0  startup_stm32f10x_hd.o(.text)
    TIM6_IRQHandler                          0x08000fe7   Thumb Code     0  startup_stm32f10x_hd.o(.text)
    TIM7_IRQHandler                          0x08000fe7   Thumb Code     0  startup_stm32f10x_hd.o(.text)
    TIM8_BRK_IRQHandler                      0x08000fe7   Thumb Code     0  startup_stm32f10x_hd.o(.text)
    TIM8_CC_IRQHandler                       0x08000fe7   Thumb Code     0  startup_stm32f10x_hd.o(.text)
    TIM8_TRG_COM_IRQHandler                  0x08000fe7   Thumb Code     0  startup_stm32f10x_hd.o(.text)
    TIM8_UP_IRQHandler                       0x08000fe7   Thumb Code     0  startup_stm32f10x_hd.o(.text)
    UART4_IRQHandler                         0x08000fe7   Thumb Code     0  startup_stm32f10x_hd.o(.text)
    UART5_IRQHandler                         0x08000fe7   Thumb Code     0  startup_stm32f10x_hd.o(.text)
    USART2_IRQHandler                        0x08000fe7   Thumb Code     0  startup_stm32f10x_hd.o(.text)
    USART3_IRQHandler                        0x08000fe7   Thumb Code     0  startup_stm32f10x_hd.o(.text)
    USBWakeUp_IRQHandler                     0x08000fe7   Thumb Code     0  startup_stm32f10x_hd.o(.text)
    USB_HP_CAN1_TX_IRQHandler                0x08000fe7   Thumb Code     0  startup_stm32f10x_hd.o(.text)
    USB_LP_CAN1_RX0_IRQHandler               0x08000fe7   Thumb Code     0  startup_stm32f10x_hd.o(.text)
    WWDG_IRQHandler                          0x08000fe7   Thumb Code     0  startup_stm32f10x_hd.o(.text)
    __user_initial_stackheap                 0x08000fe9   Thumb Code     0  startup_stm32f10x_hd.o(.text)
    NVIC_PriorityGroupConfig                 0x0800100d   Thumb Code    10  misc.o(.text)
    NVIC_Init                                0x08001017   Thumb Code   100  misc.o(.text)
    NVIC_SetVectorTable                      0x0800107b   Thumb Code    14  misc.o(.text)
    NVIC_SystemLPConfig                      0x08001089   Thumb Code    34  misc.o(.text)
    SysTick_CLKSourceConfig                  0x080010ab   Thumb Code    40  misc.o(.text)
    GPIO_DeInit                              0x080010e9   Thumb Code   172  stm32f10x_gpio.o(.text)
    GPIO_AFIODeInit                          0x08001195   Thumb Code    20  stm32f10x_gpio.o(.text)
    GPIO_Init                                0x080011a9   Thumb Code   278  stm32f10x_gpio.o(.text)
    GPIO_StructInit                          0x080012bf   Thumb Code    16  stm32f10x_gpio.o(.text)
    GPIO_ReadInputDataBit                    0x080012cf   Thumb Code    18  stm32f10x_gpio.o(.text)
    GPIO_ReadInputData                       0x080012e1   Thumb Code     8  stm32f10x_gpio.o(.text)
    GPIO_ReadOutputDataBit                   0x080012e9   Thumb Code    18  stm32f10x_gpio.o(.text)
    GPIO_ReadOutputData                      0x080012fb   Thumb Code     8  stm32f10x_gpio.o(.text)
    GPIO_SetBits                             0x08001303   Thumb Code     4  stm32f10x_gpio.o(.text)
    GPIO_ResetBits                           0x08001307   Thumb Code     4  stm32f10x_gpio.o(.text)
    GPIO_WriteBit                            0x0800130b   Thumb Code    10  stm32f10x_gpio.o(.text)
    GPIO_Write                               0x08001315   Thumb Code     4  stm32f10x_gpio.o(.text)
    GPIO_PinLockConfig                       0x08001319   Thumb Code    18  stm32f10x_gpio.o(.text)
    GPIO_EventOutputConfig                   0x0800132b   Thumb Code    26  stm32f10x_gpio.o(.text)
    GPIO_EventOutputCmd                      0x08001345   Thumb Code     6  stm32f10x_gpio.o(.text)
    GPIO_PinRemapConfig                      0x0800134b   Thumb Code   138  stm32f10x_gpio.o(.text)
    GPIO_EXTILineConfig                      0x080013d5   Thumb Code    66  stm32f10x_gpio.o(.text)
    GPIO_ETH_MediaInterfaceConfig            0x08001417   Thumb Code     8  stm32f10x_gpio.o(.text)
    USART_DeInit                             0x08001445   Thumb Code   134  stm32f10x_usart.o(.text)
    USART_Init                               0x080014cb   Thumb Code   210  stm32f10x_usart.o(.text)
    USART_StructInit                         0x0800159d   Thumb Code    24  stm32f10x_usart.o(.text)
    USART_ClockInit                          0x080015b5   Thumb Code    34  stm32f10x_usart.o(.text)
    USART_ClockStructInit                    0x080015d7   Thumb Code    12  stm32f10x_usart.o(.text)
    USART_Cmd                                0x080015e3   Thumb Code    24  stm32f10x_usart.o(.text)
    USART_ITConfig                           0x080015fb   Thumb Code    74  stm32f10x_usart.o(.text)
    USART_DMACmd                             0x08001645   Thumb Code    18  stm32f10x_usart.o(.text)
    USART_SetAddress                         0x08001657   Thumb Code    18  stm32f10x_usart.o(.text)
    USART_WakeUpConfig                       0x08001669   Thumb Code    18  stm32f10x_usart.o(.text)
    USART_ReceiverWakeUpCmd                  0x0800167b   Thumb Code    24  stm32f10x_usart.o(.text)
    USART_LINBreakDetectLengthConfig         0x08001693   Thumb Code    18  stm32f10x_usart.o(.text)
    USART_LINCmd                             0x080016a5   Thumb Code    24  stm32f10x_usart.o(.text)
    USART_SendData                           0x080016bd   Thumb Code     8  stm32f10x_usart.o(.text)
    USART_ReceiveData                        0x080016c5   Thumb Code    10  stm32f10x_usart.o(.text)
    USART_SendBreak                          0x080016cf   Thumb Code    10  stm32f10x_usart.o(.text)
    USART_SetGuardTime                       0x080016d9   Thumb Code    16  stm32f10x_usart.o(.text)
    USART_SetPrescaler                       0x080016e9   Thumb Code    16  stm32f10x_usart.o(.text)
    USART_SmartCardCmd                       0x080016f9   Thumb Code    24  stm32f10x_usart.o(.text)
    USART_SmartCardNACKCmd                   0x08001711   Thumb Code    24  stm32f10x_usart.o(.text)
    USART_HalfDuplexCmd                      0x08001729   Thumb Code    24  stm32f10x_usart.o(.text)
    USART_OverSampling8Cmd                   0x08001741   Thumb Code    22  stm32f10x_usart.o(.text)
    USART_OneBitMethodCmd                    0x08001757   Thumb Code    24  stm32f10x_usart.o(.text)
    USART_IrDAConfig                         0x0800176f   Thumb Code    18  stm32f10x_usart.o(.text)
    USART_IrDACmd                            0x08001781   Thumb Code    24  stm32f10x_usart.o(.text)
    USART_GetFlagStatus                      0x08001799   Thumb Code    26  stm32f10x_usart.o(.text)
    USART_ClearFlag                          0x080017b3   Thumb Code    18  stm32f10x_usart.o(.text)
    USART_GetITStatus                        0x080017c5   Thumb Code    84  stm32f10x_usart.o(.text)
    USART_ClearITPendingBit                  0x08001819   Thumb Code    52  stm32f10x_usart.o(.text)
    RCC_DeInit                               0x0800184d   Thumb Code    64  stm32f10x_rcc.o(.text)
    RCC_HSEConfig                            0x0800188d   Thumb Code    70  stm32f10x_rcc.o(.text)
    RCC_GetFlagStatus                        0x080018d3   Thumb Code    56  stm32f10x_rcc.o(.text)
    RCC_WaitForHSEStartUp                    0x0800190b   Thumb Code    56  stm32f10x_rcc.o(.text)
    RCC_AdjustHSICalibrationValue            0x08001943   Thumb Code    20  stm32f10x_rcc.o(.text)
    RCC_HSICmd                               0x08001957   Thumb Code     6  stm32f10x_rcc.o(.text)
    RCC_PLLConfig                            0x0800195d   Thumb Code    24  stm32f10x_rcc.o(.text)
    RCC_PLLCmd                               0x08001975   Thumb Code     6  stm32f10x_rcc.o(.text)
    RCC_SYSCLKConfig                         0x0800197b   Thumb Code    18  stm32f10x_rcc.o(.text)
    RCC_GetSYSCLKSource                      0x0800198d   Thumb Code    10  stm32f10x_rcc.o(.text)
    RCC_HCLKConfig                           0x08001997   Thumb Code    18  stm32f10x_rcc.o(.text)
    RCC_PCLK1Config                          0x080019a9   Thumb Code    18  stm32f10x_rcc.o(.text)
    RCC_PCLK2Config                          0x080019bb   Thumb Code    20  stm32f10x_rcc.o(.text)
    RCC_ITConfig                             0x080019cf   Thumb Code    26  stm32f10x_rcc.o(.text)
    RCC_USBCLKConfig                         0x080019e9   Thumb Code     8  stm32f10x_rcc.o(.text)
    RCC_ADCCLKConfig                         0x080019f1   Thumb Code    18  stm32f10x_rcc.o(.text)
    RCC_LSEConfig                            0x08001a03   Thumb Code    50  stm32f10x_rcc.o(.text)
    RCC_LSICmd                               0x08001a35   Thumb Code     6  stm32f10x_rcc.o(.text)
    RCC_RTCCLKConfig                         0x08001a3b   Thumb Code    12  stm32f10x_rcc.o(.text)
    RCC_RTCCLKCmd                            0x08001a47   Thumb Code     8  stm32f10x_rcc.o(.text)
    RCC_GetClocksFreq                        0x08001a4f   Thumb Code   192  stm32f10x_rcc.o(.text)
    RCC_AHBPeriphClockCmd                    0x08001b0f   Thumb Code    26  stm32f10x_rcc.o(.text)
    RCC_APB2PeriphClockCmd                   0x08001b29   Thumb Code    26  stm32f10x_rcc.o(.text)
    RCC_APB1PeriphClockCmd                   0x08001b43   Thumb Code    26  stm32f10x_rcc.o(.text)
    RCC_APB2PeriphResetCmd                   0x08001b5d   Thumb Code    26  stm32f10x_rcc.o(.text)
    RCC_APB1PeriphResetCmd                   0x08001b77   Thumb Code    26  stm32f10x_rcc.o(.text)
    RCC_BackupResetCmd                       0x08001b91   Thumb Code     8  stm32f10x_rcc.o(.text)
    RCC_ClockSecuritySystemCmd               0x08001b99   Thumb Code     6  stm32f10x_rcc.o(.text)
    RCC_MCOConfig                            0x08001b9f   Thumb Code     6  stm32f10x_rcc.o(.text)
    RCC_ClearFlag                            0x08001ba5   Thumb Code    14  stm32f10x_rcc.o(.text)
    RCC_GetITStatus                          0x08001bb3   Thumb Code    20  stm32f10x_rcc.o(.text)
    RCC_ClearITPendingBit                    0x08001bc7   Thumb Code     6  stm32f10x_rcc.o(.text)
    BSP_CPU_ClkFreq                          0x08001bf1   Thumb Code    16  bsp.o(.text)
    CPU_TS_TmrInit                           0x08001c01   Thumb Code    44  bsp.o(.text)
    CPU_TS_TmrRd                             0x08001c2d   Thumb Code     6  bsp.o(.text)
    CPU_TS32_to_uSec                         0x08001c33   Thumb Code    54  bsp.o(.text)
    CPU_NameClr                              0x08001c75   Thumb Code    42  cpu_core.o(.text)
    CPU_Init                                 0x08001cb5   Thumb Code    12  cpu_core.o(.text)
    CPU_SW_Exception                         0x08001cc1   Thumb Code     4  cpu_core.o(.text)
    CPU_NameGet                              0x08001cc5   Thumb Code    70  cpu_core.o(.text)
    CPU_NameSet                              0x08001d0b   Thumb Code    96  cpu_core.o(.text)
    CPU_TS_Get32                             0x08001d6b   Thumb Code    12  cpu_core.o(.text)
    CPU_TS_Update                            0x08001d77   Thumb Code     2  cpu_core.o(.text)
    CPU_TS_TmrFreqGet                        0x08001d79   Thumb Code    30  cpu_core.o(.text)
    CPU_TS_TmrFreqSet                        0x08001d97   Thumb Code     6  cpu_core.o(.text)
    CPU_CntLeadZeros08                       0x08001d9d   Thumb Code    18  cpu_core.o(.text)
    CPU_CntLeadZeros16                       0x08001daf   Thumb Code    18  cpu_core.o(.text)
    CPU_CntLeadZeros32                       0x08001dc1   Thumb Code    18  cpu_core.o(.text)
    CPU_CntLeadZeros64                       0x08001dd3   Thumb Code   188  cpu_core.o(.text)
    CPU_CntTrailZeros08                      0x08001e8f   Thumb Code    22  cpu_core.o(.text)
    CPU_CntTrailZeros16                      0x08001ea5   Thumb Code    22  cpu_core.o(.text)
    CPU_CntTrailZeros32                      0x08001ebb   Thumb Code    22  cpu_core.o(.text)
    CPU_CntTrailZeros64                      0x08001ed1   Thumb Code    62  cpu_core.o(.text)
    CPU_IntDis                               0x08001f1d   Thumb Code     0  cpu_a.o(.text)
    CPU_IntEn                                0x08001f21   Thumb Code     0  cpu_a.o(.text)
    CPU_SR_Save                              0x08001f25   Thumb Code     0  cpu_a.o(.text)
    CPU_SR_Restore                           0x08001f2d   Thumb Code     0  cpu_a.o(.text)
    CPU_WaitForInt                           0x08001f33   Thumb Code     0  cpu_a.o(.text)
    CPU_WaitForExcept                        0x08001f37   Thumb Code     0  cpu_a.o(.text)
    CPU_CntLeadZeros                         0x08001f3b   Thumb Code     0  cpu_a.o(.text)
    CPU_CntTrailZeros                        0x08001f41   Thumb Code     0  cpu_a.o(.text)
    CPU_RevBits                              0x08001f4b   Thumb Code     0  cpu_a.o(.text)
    ASCII_IsAlpha                            0x08001f51   Thumb Code    48  lib_ascii.o(.text)
    ASCII_IsAlphaNum                         0x08001f81   Thumb Code    76  lib_ascii.o(.text)
    ASCII_IsLower                            0x08001fcd   Thumb Code    20  lib_ascii.o(.text)
    ASCII_IsUpper                            0x08001fe1   Thumb Code    20  lib_ascii.o(.text)
    ASCII_IsDig                              0x08001ff5   Thumb Code    20  lib_ascii.o(.text)
    ASCII_IsDigOct                           0x08002009   Thumb Code    20  lib_ascii.o(.text)
    ASCII_IsDigHex                           0x0800201d   Thumb Code    36  lib_ascii.o(.text)
    ASCII_IsBlank                            0x08002041   Thumb Code    20  lib_ascii.o(.text)
    ASCII_IsSpace                            0x08002055   Thumb Code    36  lib_ascii.o(.text)
    ASCII_IsPrint                            0x08002079   Thumb Code    20  lib_ascii.o(.text)
    ASCII_IsGraph                            0x0800208d   Thumb Code    20  lib_ascii.o(.text)
    ASCII_IsPunct                            0x080020a1   Thumb Code   134  lib_ascii.o(.text)
    ASCII_IsCtrl                             0x08002127   Thumb Code    26  lib_ascii.o(.text)
    ASCII_ToLower                            0x08002141   Thumb Code    32  lib_ascii.o(.text)
    ASCII_ToUpper                            0x08002161   Thumb Code    32  lib_ascii.o(.text)
    ASCII_Cmp                                0x08002181   Thumb Code    38  lib_ascii.o(.text)
    Mem_Init                                 0x080021a9   Thumb Code    54  lib_mem.o(.text)
    Mem_Set                                  0x080021df   Thumb Code    84  lib_mem.o(.text)
    Mem_Clr                                  0x08002233   Thumb Code    18  lib_mem.o(.text)
    Mem_Move                                 0x08002245   Thumb Code   186  lib_mem.o(.text)
    Mem_Cmp                                  0x080022ff   Thumb Code   192  lib_mem.o(.text)
    Mem_HeapAlloc                            0x08002437   Thumb Code   168  lib_mem.o(.text)
    Mem_SegGetSizeRem                        0x080024df   Thumb Code   108  lib_mem.o(.text)
    Mem_HeapGetSizeRem                       0x0800254b   Thumb Code    22  lib_mem.o(.text)
    Mem_PoolClr                              0x08002561   Thumb Code    80  lib_mem.o(.text)
    Mem_PoolCreate                           0x080025b1   Thumb Code   838  lib_mem.o(.text)
    Mem_PoolBlkGetNbrAvail                   0x080028f7   Thumb Code    52  lib_mem.o(.text)
    Mem_PoolBlkGet                           0x0800292b   Thumb Code   126  lib_mem.o(.text)
    Mem_PoolBlkGetUsedAtIx                   0x080029a9   Thumb Code   140  lib_mem.o(.text)
    Mem_PoolBlkFree                          0x08002a35   Thumb Code   152  lib_mem.o(.text)
    Mem_PoolBlkIxGet                         0x08002acd   Thumb Code   162  lib_mem.o(.text)
    Str_Len_N                                0x08002b71   Thumb Code    28  lib_str.o(.text)
    Str_Len                                  0x08002b8d   Thumb Code    20  lib_str.o(.text)
    Str_Copy_N                               0x08002ba1   Thumb Code    70  lib_str.o(.text)
    Str_Copy                                 0x08002be7   Thumb Code    24  lib_str.o(.text)
    Str_Cat_N                                0x08002bff   Thumb Code    90  lib_str.o(.text)
    Str_Cat                                  0x08002c59   Thumb Code    24  lib_str.o(.text)
    Str_Cmp_N                                0x08002c71   Thumb Code   156  lib_str.o(.text)
    Str_Cmp                                  0x08002d0d   Thumb Code    24  lib_str.o(.text)
    Str_CmpIgnoreCase_N                      0x08002d25   Thumb Code   264  lib_str.o(.text)
    Str_CmpIgnoreCase                        0x08002e2d   Thumb Code    24  lib_str.o(.text)
    Str_Char_N                               0x08002e45   Thumb Code    74  lib_str.o(.text)
    Str_Char                                 0x08002e8f   Thumb Code    24  lib_str.o(.text)
    Str_Char_Last_N                          0x08002ea7   Thumb Code    76  lib_str.o(.text)
    Str_Char_Last                            0x08002ef3   Thumb Code    24  lib_str.o(.text)
    Str_Char_Replace_N                       0x08002f0b   Thumb Code    52  lib_str.o(.text)
    Str_Char_Replace                         0x08002f3f   Thumb Code    28  lib_str.o(.text)
    Str_Str_N                                0x08002f5b   Thumb Code   182  lib_str.o(.text)
    Str_Str                                  0x08003011   Thumb Code    24  lib_str.o(.text)
    Str_FmtNbr_Int32U                        0x08003205   Thumb Code    46  lib_str.o(.text)
    Str_FmtNbr_Int32S                        0x08003233   Thumb Code    62  lib_str.o(.text)
    Str_ParseNbr_Int32U                      0x0800342f   Thumb Code    30  lib_str.o(.text)
    Str_ParseNbr_Int32S                      0x0800344d   Thumb Code    74  lib_str.o(.text)
    Mem_Copy                                 0x0800349d   Thumb Code     0  lib_mem_a.o(.text)
    OSCfg_Init                               0x080036bd   Thumb Code    86  os_cfg_app.o(.text)
    OS_IdleTask                              0x080037b9   Thumb Code    60  os_core.o(.text)
    OS_IdleTaskInit                          0x080037f5   Thumb Code    68  os_core.o(.text)
    OS_RdyListInit                           0x08003839   Thumb Code    32  os_core.o(.text)
    OSInit                                   0x08003859   Thumb Code   300  os_core.o(.text)
    OSIntEnter                               0x08003985   Thumb Code    34  os_core.o(.text)
    OSIntExit                                0x080039a7   Thumb Code   192  os_core.o(.text)
    OSSched                                  0x08003a67   Thumb Code   134  os_core.o(.text)
    OS_SchedLockTimeMeasStart                0x08003aed   Thumb Code    20  os_core.o(.text)
    OSSchedLock                              0x08003b01   Thumb Code   104  os_core.o(.text)
    OS_SchedLockTimeMeasStop                 0x08003b69   Thumb Code    44  os_core.o(.text)
    OSSchedUnlock                            0x08003b95   Thumb Code   290  os_core.o(.text)
    OSSchedRoundRobinCfg                     0x08003cb7   Thumb Code    88  os_core.o(.text)
    OS_RdyListMoveHeadToTail                 0x08003d0f   Thumb Code    68  os_core.o(.text)
    OSSchedRoundRobinYield                   0x08003d53   Thumb Code   164  os_core.o(.text)
    OSStart                                  0x08003df7   Thumb Code    78  os_core.o(.text)
    OSVersion                                0x08003e45   Thumb Code    12  os_core.o(.text)
    OS_PendDbgNameAdd                        0x08003e51   Thumb Code    66  os_core.o(.text)
    OS_PendListInsertPrio                    0x08003e93   Thumb Code   102  os_core.o(.text)
    OS_PendDataInit                          0x08003ef9   Thumb Code    38  os_core.o(.text)
    OS_RdyListRemove                         0x08003f1f   Thumb Code    86  os_core.o(.text)
    OS_TaskBlock                             0x08003f75   Thumb Code    56  os_core.o(.text)
    OS_Pend                                  0x08003fad   Thumb Code    98  os_core.o(.text)
    OS_PendListRemove1                       0x0800400f   Thumb Code   134  os_core.o(.text)
    OS_PendListRemove                        0x08004095   Thumb Code    48  os_core.o(.text)
    OS_PendAbort1                            0x080040c5   Thumb Code    36  os_core.o(.text)
    OS_RdyListInsertHead                     0x080040e9   Thumb Code    58  os_core.o(.text)
    OS_RdyListInsertTail                     0x08004123   Thumb Code    56  os_core.o(.text)
    OS_RdyListInsert                         0x0800415b   Thumb Code    40  os_core.o(.text)
    OS_TaskRdy                               0x08004183   Thumb Code    28  os_core.o(.text)
    OS_PendAbort                             0x0800419f   Thumb Code   166  os_core.o(.text)
    OS_PendDbgNameRemove                     0x08004245   Thumb Code    34  os_core.o(.text)
    OS_PendListChangePrio                    0x08004267   Thumb Code    70  os_core.o(.text)
    OS_PendListInit                          0x080042ad   Thumb Code    10  os_core.o(.text)
    OS_PendListInsertHead                    0x080042b7   Thumb Code    32  os_core.o(.text)
    OS_PendObjDel1                           0x080042d7   Thumb Code    36  os_core.o(.text)
    OS_PendObjDel                            0x080042fb   Thumb Code   162  os_core.o(.text)
    OS_Post1                                 0x0800439d   Thumb Code    42  os_core.o(.text)
    OS_Post                                  0x080043c7   Thumb Code   192  os_core.o(.text)
    OS_Sched0                                0x08004487   Thumb Code   102  os_core.o(.text)
    OS_SchedRoundRobin                       0x080044ed   Thumb Code   190  os_core.o(.text)
    OS_Dbg_Init                              0x080045bd   Thumb Code   146  os_dbg.o(.text)
    OS_FlagDbgListAdd                        0x0800476d   Thumb Code    38  os_flag.o(.text)
    OSFlagCreate                             0x08004793   Thumb Code   172  os_flag.o(.text)
    OS_FlagClr                               0x0800483f   Thumb Code    28  os_flag.o(.text)
    OS_FlagDbgListRemove                     0x0800485b   Thumb Code    44  os_flag.o(.text)
    OSFlagDel                                0x08004887   Thumb Code   594  os_flag.o(.text)
    OS_FlagBlock                             0x08004ad9   Thumb Code    58  os_flag.o(.text)
    OSFlagPend                               0x08004b13   Thumb Code  1488  os_flag.o(.text)
    OSFlagPendAbort                          0x080050e3   Thumb Code   292  os_flag.o(.text)
    OSFlagPendGetFlagsRdy                    0x08005207   Thumb Code    68  os_flag.o(.text)
    OS_FlagTaskRdy                           0x0800524b   Thumb Code    86  os_flag.o(.text)
    OS_FlagPost                              0x080052a1   Thumb Code   570  os_flag.o(.text)
    OSFlagPost                               0x080054db   Thumb Code   146  os_flag.o(.text)
    OS_FlagInit                              0x0800556d   Thumb Code    14  os_flag.o(.text)
    OS_IntQPost                              0x08005595   Thumb Code   216  os_int.o(.text)
    OS_IntQRePost                            0x0800566d   Thumb Code   360  os_int.o(.text)
    OS_IntQTask                              0x080057d5   Thumb Code   162  os_int.o(.text)
    OS_IntQTaskInit                          0x08005877   Thumb Code   208  os_int.o(.text)
    OS_MemDbgListAdd                         0x080059d9   Thumb Code    34  os_mem.o(.text)
    OSMemCreate                              0x080059fb   Thumb Code   288  os_mem.o(.text)
    OSMemGet                                 0x08005b1b   Thumb Code   100  os_mem.o(.text)
    OSMemPut                                 0x08005b7f   Thumb Code   112  os_mem.o(.text)
    OS_MemInit                               0x08005bef   Thumb Code    14  os_mem.o(.text)
    OS_MsgPoolCreate                         0x08005c11   Thumb Code    54  os_msg.o(.text)
    OS_MsgPoolInit                           0x08005c47   Thumb Code    70  os_msg.o(.text)
    OS_MsgQFreeAll                           0x08005c8d   Thumb Code    62  os_msg.o(.text)
    OS_MsgQInit                              0x08005ccb   Thumb Code    14  os_msg.o(.text)
    OS_MsgQGet                               0x08005cd9   Thumb Code    98  os_msg.o(.text)
    OS_MsgQPut                               0x08005d3b   Thumb Code   246  os_msg.o(.text)
    OS_MutexDbgListAdd                       0x08005e3d   Thumb Code    38  os_mutex.o(.text)
    OSMutexCreate                            0x08005e63   Thumb Code   178  os_mutex.o(.text)
    OS_MutexClr                              0x08005f15   Thumb Code    38  os_mutex.o(.text)
    OS_MutexDbgListRemove                    0x08005f3b   Thumb Code    44  os_mutex.o(.text)
    OSMutexDel                               0x08005f67   Thumb Code   842  os_mutex.o(.text)
    OSMutexPend                              0x080062b1   Thumb Code   706  os_mutex.o(.text)
    OSMutexPendAbort                         0x08006573   Thumb Code   314  os_mutex.o(.text)
    OSMutexPost                              0x080066ad   Thumb Code   564  os_mutex.o(.text)
    OS_MutexInit                             0x080068e1   Thumb Code    14  os_mutex.o(.text)
    OS_PrioInit                              0x08006911   Thumb Code    20  os_prio.o(.text)
    OS_PrioGetHighest                        0x08006925   Thumb Code    36  os_prio.o(.text)
    OS_PrioInsert                            0x08006949   Thumb Code    32  os_prio.o(.text)
    OS_PrioRemove                            0x08006969   Thumb Code    32  os_prio.o(.text)
    OS_QDbgListAdd                           0x0800698d   Thumb Code    38  os_q.o(.text)
    OSQCreate                                0x080069b3   Thumb Code   186  os_q.o(.text)
    OS_QClr                                  0x08006a6d   Thumb Code    40  os_q.o(.text)
    OS_QDbgListRemove                        0x08006a95   Thumb Code    44  os_q.o(.text)
    OSQDel                                   0x08006ac1   Thumb Code   362  os_q.o(.text)
    OSQFlush                                 0x08006c2b   Thumb Code   210  os_q.o(.text)
    OSQPend                                  0x08006cfd   Thumb Code   538  os_q.o(.text)
    OSQPendAbort                             0x08006f17   Thumb Code   292  os_q.o(.text)
    OS_QPost                                 0x0800703b   Thumb Code   324  os_q.o(.text)
    OSQPost                                  0x0800717f   Thumb Code   198  os_q.o(.text)
    OS_QInit                                 0x08007245   Thumb Code    14  os_q.o(.text)
    OS_SemDbgListAdd                         0x08007265   Thumb Code    38  os_sem.o(.text)
    OSSemCreate                              0x0800728b   Thumb Code   172  os_sem.o(.text)
    OS_SemClr                                0x08007337   Thumb Code    28  os_sem.o(.text)
    OS_SemDbgListRemove                      0x08007353   Thumb Code    44  os_sem.o(.text)
    OSSemDel                                 0x0800737f   Thumb Code   362  os_sem.o(.text)
    OSSemPend                                0x080074e9   Thumb Code   504  os_sem.o(.text)
    OSSemPendAbort                           0x080076e1   Thumb Code   292  os_sem.o(.text)
    OS_SemPost                               0x08007805   Thumb Code   350  os_sem.o(.text)
    OSSemPost                                0x08007963   Thumb Code   144  os_sem.o(.text)
    OSSemSet                                 0x080079f3   Thumb Code   138  os_sem.o(.text)
    OS_SemInit                               0x08007a7d   Thumb Code    14  os_sem.o(.text)
    OSStatReset                              0x08007a95   Thumb Code   270  os_stat.o(.text)
    OSStatTaskCPUUsageInit                   0x08007ba3   Thumb Code   212  os_stat.o(.text)
    OS_StatTask                              0x08007c77   Thumb Code   888  os_stat.o(.text)
    OS_StatTaskInit                          0x08007fef   Thumb Code   138  os_stat.o(.text)
    OSTaskChangePrio                         0x080080cd   Thumb Code   416  os_task.o(.text)
    OS_TaskDbgListAdd                        0x0800826d   Thumb Code    42  os_task.o(.text)
    OS_TaskInitTCB                           0x08008297   Thumb Code   186  os_task.o(.text)
    OSTaskCreate                             0x08008351   Thumb Code   616  os_task.o(.text)
    OS_TaskDbgListRemove                     0x080085b9   Thumb Code    64  os_task.o(.text)
    OSTaskDel                                0x080085f9   Thumb Code   424  os_task.o(.text)
    OSTaskQFlush                             0x080087a1   Thumb Code   214  os_task.o(.text)
    OSTaskQPend                              0x08008877   Thumb Code   554  os_task.o(.text)
    OSTaskQPendAbort                         0x08008aa1   Thumb Code   242  os_task.o(.text)
    OS_TaskQPost                             0x08008b93   Thumb Code   526  os_task.o(.text)
    OSTaskQPost                              0x08008da1   Thumb Code   114  os_task.o(.text)
    OSTaskRegGet                             0x08008e13   Thumb Code    78  os_task.o(.text)
    OSTaskRegGetID                           0x08008e61   Thumb Code    84  os_task.o(.text)
    OSTaskRegSet                             0x08008eb5   Thumb Code    78  os_task.o(.text)
    OS_TaskResume                            0x08008f03   Thumb Code   314  os_task.o(.text)
    OSTaskResume                             0x0800903d   Thumb Code   112  os_task.o(.text)
    OSTaskSemPend                            0x080090ad   Thumb Code   550  os_task.o(.text)
    OSTaskSemPendAbort                       0x080092d3   Thumb Code   270  os_task.o(.text)
    OS_TaskSemPost                           0x080093e1   Thumb Code  1224  os_task.o(.text)
    OSTaskSemPost                            0x080098a9   Thumb Code    98  os_task.o(.text)
    OSTaskSemSet                             0x0800990b   Thumb Code    80  os_task.o(.text)
    OSTaskStkChk                             0x0800995b   Thumb Code   224  os_task.o(.text)
    OS_TaskSuspend                           0x08009a3b   Thumb Code   328  os_task.o(.text)
    OSTaskSuspend                            0x08009b83   Thumb Code    78  os_task.o(.text)
    OSTaskTimeQuantaSet                      0x08009bd1   Thumb Code    96  os_task.o(.text)
    OS_TaskInit                              0x08009c31   Thumb Code    18  os_task.o(.text)
    OS_TaskReturn                            0x08009c43   Thumb Code    20  os_task.o(.text)
    OS_TickListRemove                        0x08009c81   Thumb Code    56  os_tick.o(.text)
    OS_TickListUpdate                        0x08009cb9   Thumb Code   480  os_tick.o(.text)
    OS_TickTask                              0x08009e99   Thumb Code    38  os_tick.o(.text)
    OS_TickListInit                          0x08009ebf   Thumb Code    32  os_tick.o(.text)
    OS_TickTaskInit                          0x08009edf   Thumb Code   130  os_tick.o(.text)
    OS_TickListInsert                        0x08009f61   Thumb Code   502  os_tick.o(.text)
    OS_TickListResetPeak                     0x0800a157   Thumb Code    28  os_tick.o(.text)
    OSTimeDly                                0x0800a17d   Thumb Code   266  os_time.o(.text)
    OSTimeDlyHMSM                            0x0800a287   Thumb Code   480  os_time.o(.text)
    OSTimeDlyResume                          0x0800a467   Thumb Code   466  os_time.o(.text)
    OSTimeGet                                0x0800a639   Thumb Code    46  os_time.o(.text)
    OSTimeSet                                0x0800a667   Thumb Code    46  os_time.o(.text)
    OSTimeTick                               0x0800a695   Thumb Code    54  os_time.o(.text)
    OS_TmrDbgListAdd                         0x0800a6e1   Thumb Code    34  os_tmr.o(.text)
    OSTmrCreate                              0x0800a703   Thumb Code   248  os_tmr.o(.text)
    OS_TmrClr                                0x0800a7fb   Thumb Code    36  os_tmr.o(.text)
    OS_TmrUnlink                             0x0800a81f   Thumb Code    72  os_tmr.o(.text)
    OS_TmrDbgListRemove                      0x0800a867   Thumb Code    44  os_tmr.o(.text)
    OSTmrDel                                 0x0800a893   Thumb Code   176  os_tmr.o(.text)
    OSTmrRemainGet                           0x0800a943   Thumb Code   184  os_tmr.o(.text)
    OS_TmrLink                               0x0800a9fb   Thumb Code   196  os_tmr.o(.text)
    OSTmrStart                               0x0800aabf   Thumb Code   210  os_tmr.o(.text)
    OSTmrStateGet                            0x0800ab91   Thumb Code   134  os_tmr.o(.text)
    OSTmrStop                                0x0800ac17   Thumb Code   232  os_tmr.o(.text)
    OS_TmrTask                               0x0800acff   Thumb Code   176  os_tmr.o(.text)
    OS_TmrInit                               0x0800adaf   Thumb Code   208  os_tmr.o(.text)
    OS_TmrResetPeak                          0x0800ae7f   Thumb Code    28  os_tmr.o(.text)
    OSIdleTaskHook                           0x0800aef9   Thumb Code    16  os_cpu_c.o(.text)
    OSInitHook                               0x0800af09   Thumb Code    42  os_cpu_c.o(.text)
    OSStatTaskHook                           0x0800af33   Thumb Code    16  os_cpu_c.o(.text)
    OSTaskCreateHook                         0x0800af43   Thumb Code    20  os_cpu_c.o(.text)
    OSTaskDelHook                            0x0800af57   Thumb Code    20  os_cpu_c.o(.text)
    OSTaskReturnHook                         0x0800af6b   Thumb Code    20  os_cpu_c.o(.text)
    OSTaskStkInit                            0x0800af7f   Thumb Code   188  os_cpu_c.o(.text)
    OSTaskSwHook                             0x0800b03b   Thumb Code   120  os_cpu_c.o(.text)
    OSTimeTickHook                           0x0800b0b3   Thumb Code    16  os_cpu_c.o(.text)
    OS_CPU_SysTickHandler                    0x0800b0c3   Thumb Code    52  os_cpu_c.o(.text)
    OS_CPU_SysTickInit                       0x0800b0f7   Thumb Code    44  os_cpu_c.o(.text)
    __use_no_semihosting                     0x0800b165   Thumb Code     2  use_no_semi_2.o(.text)
    __aeabi_uldivmod                         0x0800b167   Thumb Code     0  lludivv7m.o(.text)
    _ll_udiv                                 0x0800b167   Thumb Code   238  lludivv7m.o(.text)
    _vsnprintf                               0x0800b255   Thumb Code    48  _vsnprintf.o(.text)
    strlen                                   0x0800b289   Thumb Code    62  strlen.o(.text)
    __use_two_region_memory                  0x0800b2c7   Thumb Code     2  heapauxi.o(.text)
    __rt_heap_escrow$2region                 0x0800b2c9   Thumb Code     2  heapauxi.o(.text)
    __rt_heap_expand$2region                 0x0800b2cb   Thumb Code     2  heapauxi.o(.text)
    __I$use$semihosting                      0x0800b2cd   Thumb Code     0  use_no_semi.o(.text)
    __use_no_semihosting_swi                 0x0800b2cd   Thumb Code     2  use_no_semi.o(.text)
    _printf_pre_padding                      0x0800b2cf   Thumb Code    44  _printf_pad.o(.text)
    _printf_post_padding                     0x0800b2fb   Thumb Code    34  _printf_pad.o(.text)
    _printf_truncate_signed                  0x0800b31d   Thumb Code    18  _printf_truncate.o(.text)
    _printf_truncate_unsigned                0x0800b32f   Thumb Code    18  _printf_truncate.o(.text)
    _printf_str                              0x0800b341   Thumb Code    82  _printf_str.o(.text)
    _printf_int_dec                          0x0800b395   Thumb Code   104  _printf_dec.o(.text)
    _printf_charcount                        0x0800b40d   Thumb Code    40  _printf_charcount.o(.text)
    _printf_char_common                      0x0800b43f   Thumb Code    32  _printf_char_common.o(.text)
    _sputc                                   0x0800b465   Thumb Code    10  _sputc.o(.text)
    _snputc                                  0x0800b46f   Thumb Code    16  _snputc.o(.text)
    _printf_wctomb                           0x0800b481   Thumb Code   182  _printf_wctomb.o(.text)
    _printf_longlong_dec                     0x0800b53d   Thumb Code   108  _printf_longlong_dec.o(.text)
    _printf_longlong_oct                     0x0800b5b9   Thumb Code    68  _printf_oct_int_ll.o(.text)
    _printf_int_oct                          0x0800b5fd   Thumb Code    24  _printf_oct_int_ll.o(.text)
    _printf_ll_oct                           0x0800b615   Thumb Code    12  _printf_oct_int_ll.o(.text)
    _printf_longlong_hex                     0x0800b629   Thumb Code    86  _printf_hex_int_ll_ptr.o(.text)
    _printf_int_hex                          0x0800b67f   Thumb Code    28  _printf_hex_int_ll_ptr.o(.text)
    _printf_ll_hex                           0x0800b69b   Thumb Code    12  _printf_hex_int_ll_ptr.o(.text)
    _printf_hex_ptr                          0x0800b6a7   Thumb Code    18  _printf_hex_int_ll_ptr.o(.text)
    __printf                                 0x0800b6bd   Thumb Code   388  __printf_flags_ss_wp.o(.text)
    _ll_udiv10                               0x0800b845   Thumb Code   138  lludiv10.o(.text)
    _printf_int_common                       0x0800b8cf   Thumb Code   178  _printf_intcommon.o(.text)
    _printf_cs_common                        0x0800b981   Thumb Code    20  _printf_char.o(.text)
    _printf_char                             0x0800b995   Thumb Code    16  _printf_char.o(.text)
    _printf_string                           0x0800b9a5   Thumb Code     8  _printf_char.o(.text)
    _printf_lcs_common                       0x0800b9ad   Thumb Code    20  _printf_wchar.o(.text)
    _printf_wchar                            0x0800b9c1   Thumb Code    16  _printf_wchar.o(.text)
    _printf_wstring                          0x0800b9d1   Thumb Code     8  _printf_wchar.o(.text)
    _wcrtomb                                 0x0800b9d9   Thumb Code    64  _wcrtomb.o(.text)
    __user_setup_stackheap                   0x0800ba19   Thumb Code    74  sys_stackheap_outer.o(.text)
    __rt_ctype_table                         0x0800ba65   Thumb Code    16  rt_ctype_table.o(.text)
    exit                                     0x0800ba75   Thumb Code    18  exit.o(.text)
    __user_libspace                          0x0800ba89   Thumb Code     8  libspace.o(.text)
    __user_perproc_libspace                  0x0800ba89   Thumb Code     0  libspace.o(.text)
    __user_perthread_libspace                0x0800ba89   Thumb Code     0  libspace.o(.text)
    __rt_locale                              0x0800ba91   Thumb Code     8  rt_locale_intlibspace.o(.text)
    strcmp                                   0x0800ba99   Thumb Code   128  strcmpv7m.o(.text)
    OSStartHighRdy                           0x0800bb19   Thumb Code     0  os_cpu_a.o(CODE)
    PendSV_Handler                           0x0800bb4f   Thumb Code     0  os_cpu_a.o(CODE)
    _is_digit                                0x0800bbb1   Thumb Code    14  __printf_wp.o(i._is_digit)
    _get_lc_ctype                            0x0800bbc1   Thumb Code    44  lc_ctype_c.o(locale$$code)
    CPU_EndiannessTest                       0x0800bcec   Data           4  cpu_core.o(.constdata)
    OSCfg_IdleTaskStkBasePtr                 0x0800bd84   Data           4  os_cfg_app.o(.constdata)
    OSCfg_IdleTaskStkLimit                   0x0800bd88   Data           4  os_cfg_app.o(.constdata)
    OSCfg_IdleTaskStkSize                    0x0800bd8c   Data           4  os_cfg_app.o(.constdata)
    OSCfg_IdleTaskStkSizeRAM                 0x0800bd90   Data           4  os_cfg_app.o(.constdata)
    OSCfg_IntQBasePtr                        0x0800bd94   Data           4  os_cfg_app.o(.constdata)
    OSCfg_IntQSize                           0x0800bd98   Data           2  os_cfg_app.o(.constdata)
    OSCfg_IntQSizeRAM                        0x0800bd9c   Data           4  os_cfg_app.o(.constdata)
    OSCfg_IntQTaskStkBasePtr                 0x0800bda0   Data           4  os_cfg_app.o(.constdata)
    OSCfg_IntQTaskStkLimit                   0x0800bda4   Data           4  os_cfg_app.o(.constdata)
    OSCfg_IntQTaskStkSize                    0x0800bda8   Data           4  os_cfg_app.o(.constdata)
    OSCfg_IntQTaskStkSizeRAM                 0x0800bdac   Data           4  os_cfg_app.o(.constdata)
    OSCfg_ISRStkBasePtr                      0x0800bdb0   Data           4  os_cfg_app.o(.constdata)
    OSCfg_ISRStkSize                         0x0800bdb4   Data           4  os_cfg_app.o(.constdata)
    OSCfg_ISRStkSizeRAM                      0x0800bdb8   Data           4  os_cfg_app.o(.constdata)
    OSCfg_MsgPoolSize                        0x0800bdbc   Data           2  os_cfg_app.o(.constdata)
    OSCfg_MsgPoolSizeRAM                     0x0800bdc0   Data           4  os_cfg_app.o(.constdata)
    OSCfg_MsgPoolBasePtr                     0x0800bdc4   Data           4  os_cfg_app.o(.constdata)
    OSCfg_StatTaskPrio                       0x0800bdc8   Data           1  os_cfg_app.o(.constdata)
    OSCfg_StatTaskRate_Hz                    0x0800bdcc   Data           4  os_cfg_app.o(.constdata)
    OSCfg_StatTaskStkBasePtr                 0x0800bdd0   Data           4  os_cfg_app.o(.constdata)
    OSCfg_StatTaskStkLimit                   0x0800bdd4   Data           4  os_cfg_app.o(.constdata)
    OSCfg_StatTaskStkSize                    0x0800bdd8   Data           4  os_cfg_app.o(.constdata)
    OSCfg_StatTaskStkSizeRAM                 0x0800bddc   Data           4  os_cfg_app.o(.constdata)
    OSCfg_StkSizeMin                         0x0800bde0   Data           4  os_cfg_app.o(.constdata)
    OSCfg_TickRate_Hz                        0x0800bde4   Data           4  os_cfg_app.o(.constdata)
    OSCfg_TickTaskPrio                       0x0800bde8   Data           1  os_cfg_app.o(.constdata)
    OSCfg_TickTaskStkBasePtr                 0x0800bdec   Data           4  os_cfg_app.o(.constdata)
    OSCfg_TickTaskStkLimit                   0x0800bdf0   Data           4  os_cfg_app.o(.constdata)
    OSCfg_TickTaskStkSize                    0x0800bdf4   Data           4  os_cfg_app.o(.constdata)
    OSCfg_TickTaskStkSizeRAM                 0x0800bdf8   Data           4  os_cfg_app.o(.constdata)
    OSCfg_TickWheelSize                      0x0800bdfc   Data           2  os_cfg_app.o(.constdata)
    OSCfg_TickWheelSizeRAM                   0x0800be00   Data           4  os_cfg_app.o(.constdata)
    OSCfg_TmrTaskPrio                        0x0800be04   Data           1  os_cfg_app.o(.constdata)
    OSCfg_TmrTaskRate_Hz                     0x0800be08   Data           4  os_cfg_app.o(.constdata)
    OSCfg_TmrTaskStkBasePtr                  0x0800be0c   Data           4  os_cfg_app.o(.constdata)
    OSCfg_TmrTaskStkLimit                    0x0800be10   Data           4  os_cfg_app.o(.constdata)
    OSCfg_TmrTaskStkSize                     0x0800be14   Data           4  os_cfg_app.o(.constdata)
    OSCfg_TmrTaskStkSizeRAM                  0x0800be18   Data           4  os_cfg_app.o(.constdata)
    OSCfg_TmrWheelSize                       0x0800be1c   Data           2  os_cfg_app.o(.constdata)
    OSCfg_TmrWheelSizeRAM                    0x0800be20   Data           4  os_cfg_app.o(.constdata)
    OSCfg_DataSizeRAM                        0x0800be24   Data           4  os_cfg_app.o(.constdata)
    OSDbg_DbgEn                              0x0800be28   Data           2  os_dbg.o(.constdata)
    OSDbg_ArgChkEn                           0x0800be2a   Data           1  os_dbg.o(.constdata)
    OSDbg_AppHooksEn                         0x0800be2b   Data           1  os_dbg.o(.constdata)
    OSDbg_EndiannessTest                     0x0800be2c   Data           4  os_dbg.o(.constdata)
    OSDbg_CalledFromISRChkEn                 0x0800be30   Data           1  os_dbg.o(.constdata)
    OSDbg_FlagEn                             0x0800be31   Data           1  os_dbg.o(.constdata)
    OSDbg_FlagGrp                            0x0800be34   Data          40  os_dbg.o(.constdata)
    OSDbg_FlagDelEn                          0x0800be5c   Data           1  os_dbg.o(.constdata)
    OSDbg_FlagModeClrEn                      0x0800be5d   Data           1  os_dbg.o(.constdata)
    OSDbg_FlagPendAbortEn                    0x0800be5e   Data           1  os_dbg.o(.constdata)
    OSDbg_FlagGrpSize                        0x0800be60   Data           2  os_dbg.o(.constdata)
    OSDbg_FlagWidth                          0x0800be62   Data           2  os_dbg.o(.constdata)
    OSDbg_IntQ                               0x0800be64   Data           2  os_dbg.o(.constdata)
    OSDbg_ISRPostDeferredEn                  0x0800be66   Data           1  os_dbg.o(.constdata)
    OSDbg_Mem                                0x0800be68   Data          32  os_dbg.o(.constdata)
    OSDbg_MemEn                              0x0800be88   Data           1  os_dbg.o(.constdata)
    OSDbg_MemSize                            0x0800be8a   Data           2  os_dbg.o(.constdata)
    OSDbg_MsgEn                              0x0800be8c   Data           1  os_dbg.o(.constdata)
    OSDbg_MsgSize                            0x0800be8e   Data           2  os_dbg.o(.constdata)
    OSDbg_MsgPoolSize                        0x0800be90   Data           2  os_dbg.o(.constdata)
    OSDbg_MsgQSize                           0x0800be92   Data           2  os_dbg.o(.constdata)
    OSDbg_Mutex                              0x0800be94   Data          44  os_dbg.o(.constdata)
    OSDbg_MutexEn                            0x0800bec0   Data           1  os_dbg.o(.constdata)
    OSDbg_MutexDelEn                         0x0800bec1   Data           1  os_dbg.o(.constdata)
    OSDbg_MutexPendAbortEn                   0x0800bec2   Data           1  os_dbg.o(.constdata)
    OSDbg_MutexSize                          0x0800bec4   Data           2  os_dbg.o(.constdata)
    OSDbg_ObjTypeChkEn                       0x0800bec6   Data           1  os_dbg.o(.constdata)
    OSDbg_PendMultiEn                        0x0800bec7   Data           1  os_dbg.o(.constdata)
    OSDbg_PendDataSize                       0x0800bec8   Data           2  os_dbg.o(.constdata)
    OSDbg_PendListSize                       0x0800beca   Data           2  os_dbg.o(.constdata)
    OSDbg_PendObjSize                        0x0800becc   Data           2  os_dbg.o(.constdata)
    OSDbg_PrioMax                            0x0800bece   Data           2  os_dbg.o(.constdata)
    OSDbg_PrioTblSize                        0x0800bed0   Data           2  os_dbg.o(.constdata)
    OSDbg_PtrSize                            0x0800bed2   Data           2  os_dbg.o(.constdata)
    OSDbg_Q                                  0x0800bed4   Data          48  os_dbg.o(.constdata)
    OSDbg_QEn                                0x0800bf04   Data           1  os_dbg.o(.constdata)
    OSDbg_QDelEn                             0x0800bf05   Data           1  os_dbg.o(.constdata)
    OSDbg_QFlushEn                           0x0800bf06   Data           1  os_dbg.o(.constdata)
    OSDbg_QPendAbortEn                       0x0800bf07   Data           1  os_dbg.o(.constdata)
    OSDbg_QSize                              0x0800bf08   Data           2  os_dbg.o(.constdata)
    OSDbg_SchedRoundRobinEn                  0x0800bf0a   Data           1  os_dbg.o(.constdata)
    OSDbg_Sem                                0x0800bf0c   Data          40  os_dbg.o(.constdata)
    OSDbg_SemEn                              0x0800bf34   Data           1  os_dbg.o(.constdata)
    OSDbg_SemDelEn                           0x0800bf35   Data           1  os_dbg.o(.constdata)
    OSDbg_SemPendAbortEn                     0x0800bf36   Data           1  os_dbg.o(.constdata)
    OSDbg_SemSetEn                           0x0800bf37   Data           1  os_dbg.o(.constdata)
    OSDbg_SemSize                            0x0800bf38   Data           2  os_dbg.o(.constdata)
    OSDbg_RdyList                            0x0800bf3a   Data           2  os_dbg.o(.constdata)
    OSDbg_RdyListSize                        0x0800bf3c   Data           4  os_dbg.o(.constdata)
    OSDbg_StkWidth                           0x0800bf40   Data           1  os_dbg.o(.constdata)
    OSDbg_StatTaskEn                         0x0800bf41   Data           1  os_dbg.o(.constdata)
    OSDbg_StatTaskStkChkEn                   0x0800bf42   Data           1  os_dbg.o(.constdata)
    OSDbg_TaskChangePrioEn                   0x0800bf43   Data           1  os_dbg.o(.constdata)
    OSDbg_TaskDelEn                          0x0800bf44   Data           1  os_dbg.o(.constdata)
    OSDbg_TaskQEn                            0x0800bf45   Data           1  os_dbg.o(.constdata)
    OSDbg_TaskQPendAbortEn                   0x0800bf46   Data           1  os_dbg.o(.constdata)
    OSDbg_TaskProfileEn                      0x0800bf47   Data           1  os_dbg.o(.constdata)
    OSDbg_TaskRegTblSize                     0x0800bf48   Data           2  os_dbg.o(.constdata)
    OSDbg_TaskSemPendAbortEn                 0x0800bf4a   Data           1  os_dbg.o(.constdata)
    OSDbg_TaskSuspendEn                      0x0800bf4b   Data           1  os_dbg.o(.constdata)
    OSDbg_TCBSize                            0x0800bf4c   Data           2  os_dbg.o(.constdata)
    OSDbg_TickSpokeSize                      0x0800bf4e   Data           2  os_dbg.o(.constdata)
    OSDbg_TimeDlyHMSMEn                      0x0800bf50   Data           1  os_dbg.o(.constdata)
    OSDbg_TimeDlyResumeEn                    0x0800bf51   Data           1  os_dbg.o(.constdata)
    OSDbg_TLS_TblSize                        0x0800bf52   Data           2  os_dbg.o(.constdata)
    OSDbg_Tmr                                0x0800bf54   Data          52  os_dbg.o(.constdata)
    OSDbg_TmrEn                              0x0800bf88   Data           1  os_dbg.o(.constdata)
    OSDbg_TmrDelEn                           0x0800bf89   Data           1  os_dbg.o(.constdata)
    OSDbg_TmrSize                            0x0800bf8a   Data           2  os_dbg.o(.constdata)
    OSDbg_TmrSpokeSize                       0x0800bf8c   Data           2  os_dbg.o(.constdata)
    OSDbg_VersionNbr                         0x0800bf8e   Data           2  os_dbg.o(.constdata)
    OSDbg_DataSize                           0x0800bf90   Data           4  os_dbg.o(.constdata)
    Region$$Table$$Base                      0x0800bfd8   Number         0  anon$$obj.o(Region$$Table)
    Region$$Table$$Limit                     0x0800bff8   Number         0  anon$$obj.o(Region$$Table)
    __ctype                                  0x0800c005   Data           0  lc_ctype_c.o(locale$$data)
    msgLength                                0x20000000   Data           1  main.o(.data)
    runningStatus                            0x20000001   Data           1  main.o(.data)
    feederLed                                0x20000002   Data           1  main.o(.data)
    SystemCoreClock                          0x20000004   Data           4  system_stm32f10x.o(.data)
    AHBPrescTable                            0x20000008   Data          16  system_stm32f10x.o(.data)
    __stdout                                 0x2000001c   Data           4  usart.o(.data)
    USART_RX_STA                             0x20000020   Data           2  usart.o(.data)
    txBufferLength                           0x20000022   Data           2  usart.o(.data)
    CPU_TS_TmrFreq_Hz                        0x20000038   Data           4  cpu_core.o(.data)
    Mem_PoolTbl                              0x2000003c   Data           4  lib_mem.o(.data)
    OSPrioTbl                                0x20000040   Data           8  os_prio.o(.data)
    OS_AppTaskCreateHookPtr                  0x20000048   Data           4  os_var.o(.data)
    OS_AppTaskDelHookPtr                     0x2000004c   Data           4  os_var.o(.data)
    OS_AppTaskReturnHookPtr                  0x20000050   Data           4  os_var.o(.data)
    OS_AppIdleTaskHookPtr                    0x20000054   Data           4  os_var.o(.data)
    OS_AppStatTaskHookPtr                    0x20000058   Data           4  os_var.o(.data)
    OS_AppTaskSwHookPtr                      0x2000005c   Data           4  os_var.o(.data)
    OS_AppTimeTickHookPtr                    0x20000060   Data           4  os_var.o(.data)
    OSIdleTaskCtr                            0x20000064   Data           4  os_var.o(.data)
    OSIntNestingCtr                          0x20000068   Data           1  os_var.o(.data)
    OSRunning                                0x20000069   Data           1  os_var.o(.data)
    OSIntQInPtr                              0x2000006c   Data           4  os_var.o(.data)
    OSIntQOutPtr                             0x20000070   Data           4  os_var.o(.data)
    OSIntQNbrEntries                         0x20000074   Data           2  os_var.o(.data)
    OSIntQNbrEntriesMax                      0x20000076   Data           2  os_var.o(.data)
    OSIntQOvfCtr                             0x20000078   Data           2  os_var.o(.data)
    OSIntQTaskTimeMax                        0x2000007c   Data           4  os_var.o(.data)
    OSFlagDbgListPtr                         0x20000080   Data           4  os_var.o(.data)
    OSFlagQty                                0x20000084   Data           2  os_var.o(.data)
    OSMemDbgListPtr                          0x20000088   Data           4  os_var.o(.data)
    OSMemQty                                 0x2000008c   Data           2  os_var.o(.data)
    OSMutexDbgListPtr                        0x20000090   Data           4  os_var.o(.data)
    OSMutexQty                               0x20000094   Data           2  os_var.o(.data)
    OSPrioCur                                0x20000096   Data           1  os_var.o(.data)
    OSPrioHighRdy                            0x20000097   Data           1  os_var.o(.data)
    OSPrioSaved                              0x20000098   Data           1  os_var.o(.data)
    OSQDbgListPtr                            0x2000009c   Data           4  os_var.o(.data)
    OSQQty                                   0x200000a0   Data           2  os_var.o(.data)
    OSSchedLockTimeBegin                     0x200000a4   Data           4  os_var.o(.data)
    OSSchedLockTimeMax                       0x200000a8   Data           4  os_var.o(.data)
    OSSchedLockTimeMaxCur                    0x200000ac   Data           4  os_var.o(.data)
    OSSchedLockNestingCtr                    0x200000b0   Data           1  os_var.o(.data)
    OSSchedRoundRobinDfltTimeQuanta          0x200000b4   Data           4  os_var.o(.data)
    OSSchedRoundRobinEn                      0x200000b8   Data           1  os_var.o(.data)
    OSSemDbgListPtr                          0x200000bc   Data           4  os_var.o(.data)
    OSSemQty                                 0x200000c0   Data           2  os_var.o(.data)
    OSStatResetFlag                          0x200000c2   Data           1  os_var.o(.data)
    OSStatTaskCPUUsage                       0x200000c4   Data           2  os_var.o(.data)
    OSStatTaskCPUUsageMax                    0x200000c6   Data           2  os_var.o(.data)
    OSStatTaskCtr                            0x200000c8   Data           4  os_var.o(.data)
    OSStatTaskCtrMax                         0x200000cc   Data           4  os_var.o(.data)
    OSStatTaskCtrRun                         0x200000d0   Data           4  os_var.o(.data)
    OSStatTaskRdy                            0x200000d4   Data           1  os_var.o(.data)
    OSStatTaskTimeMax                        0x200000d8   Data           4  os_var.o(.data)
    OSTaskCtxSwCtr                           0x200000dc   Data           4  os_var.o(.data)
    OSTaskDbgListPtr                         0x200000e0   Data           4  os_var.o(.data)
    OSTaskQty                                0x200000e4   Data           2  os_var.o(.data)
    OSTaskRegNextAvailID                     0x200000e6   Data           1  os_var.o(.data)
    OSTickCtr                                0x200000e8   Data           4  os_var.o(.data)
    OSTickTaskTimeMax                        0x200000ec   Data           4  os_var.o(.data)
    OSTmrDbgListPtr                          0x200000f0   Data           4  os_var.o(.data)
    OSTmrQty                                 0x200000f4   Data           2  os_var.o(.data)
    OSTmrTaskTimeMax                         0x200000f8   Data           4  os_var.o(.data)
    OSTmrTickCtr                             0x200000fc   Data           4  os_var.o(.data)
    OSTmrUpdateCnt                           0x20000100   Data           4  os_var.o(.data)
    OSTmrUpdateCtr                           0x20000104   Data           4  os_var.o(.data)
    OSTCBCurPtr                              0x20000108   Data           4  os_var.o(.data)
    OSTCBHighRdyPtr                          0x2000010c   Data           4  os_var.o(.data)
    OS_CPU_ExceptStkBase                     0x20000110   Data           4  os_cpu_c.o(.data)
    tmr1                                     0x20000118   Data          52  main.o(.bss)
    tmr2                                     0x2000014c   Data          52  main.o(.bss)
    msgContent                               0x20000180   Data          50  main.o(.bss)
    DATA_Msg                                 0x200001b4   Data          48  main.o(.bss)
    StartTaskTCB                             0x200001e4   Data         196  main.o(.bss)
    START_TASK_STK                           0x200002a8   Data        2048  main.o(.bss)
    TASK1_TaskTCB                            0x20000aa8   Data         196  main.o(.bss)
    TASK1_TASK_STK                           0x20000b70   Data         512  main.o(.bss)
    TASK2_TaskTCB                            0x20000d70   Data         196  main.o(.bss)
    TASK2_TASK_STK                           0x20000e38   Data         512  main.o(.bss)
    TASK3_TaskTCB                            0x20001038   Data         196  main.o(.bss)
    TASK3_TASK_STK                           0x20001100   Data         512  main.o(.bss)
    TASK4_TaskTCB                            0x20001300   Data         196  main.o(.bss)
    TASK4_TASK_STK                           0x200013c8   Data         512  main.o(.bss)
    TASK5_TaskTCB                            0x200015c8   Data         196  main.o(.bss)
    TASK5_TASK_STK                           0x20001690   Data         512  main.o(.bss)
    Flagsprocess_TaskTCB                     0x20001890   Data         196  main.o(.bss)
    FLAGSPROCESS_TASK_STK                    0x20001954   Data         512  main.o(.bss)
    Flagsprocess2_TaskTCB                    0x20001b54   Data         196  main.o(.bss)
    FLAGSPROCESS2_TASK_STK                   0x20001c18   Data         512  main.o(.bss)
    USART_RX_BUF                             0x20001e18   Data         200  usart.o(.bss)
    txBuffer                                 0x20001ee0   Data          20  usart.o(.bss)
    str_tmp                                  0x20001ef4   Data         100  usart.o(.bss)
    EventFlags                               0x20001f58   Data          40  msg.o(.bss)
    Com_Msg                                  0x20001f80   Data          48  msg.o(.bss)
    CPU_Name                                 0x20001fb0   Data          16  cpu_core.o(.bss)
    Mem_PoolHeap                             0x20001fc0   Data          72  lib_mem.o(.bss)
    Mem_Heap                                 0x20002008   Data        1024  lib_mem.o(.bss)
    OSCfg_IdleTaskStk                        0x20002408   Data         512  os_cfg_app.o(.bss)
    OSCfg_IntQ                               0x20002608   Data         320  os_cfg_app.o(.bss)
    OSCfg_IntQTaskStk                        0x20002748   Data         512  os_cfg_app.o(.bss)
    OSCfg_ISRStk                             0x20002948   Data         512  os_cfg_app.o(.bss)
    OSCfg_MsgPool                            0x20002b48   Data        1600  os_cfg_app.o(.bss)
    OSCfg_StatTaskStk                        0x20003188   Data         512  os_cfg_app.o(.bss)
    OSCfg_TickTaskStk                        0x20003388   Data         512  os_cfg_app.o(.bss)
    OSCfg_TickWheel                          0x20003588   Data         136  os_cfg_app.o(.bss)
    OSCfg_TmrTaskStk                         0x20003610   Data         512  os_cfg_app.o(.bss)
    OSCfg_TmrWheel                           0x20003810   Data         136  os_cfg_app.o(.bss)
    OSIdleTaskTCB                            0x20003898   Data         196  os_var.o(.bss)
    OSIntQTaskTCB                            0x2000395c   Data         196  os_var.o(.bss)
    OSMsgPool                                0x20003a20   Data          12  os_var.o(.bss)
    OSRdyList                                0x20003a2c   Data         768  os_var.o(.bss)
    OSStatTaskTCB                            0x20003d2c   Data         196  os_var.o(.bss)
    OSTickTaskTCB                            0x20003df0   Data         196  os_var.o(.bss)
    OSTmrTaskTCB                             0x20003eb4   Data         196  os_var.o(.bss)
    __libspace_start                         0x20003f78   Data          96  libspace.o(.bss)
    __temporary_stack_top$libspace           0x20003fd8   Data           0  libspace.o(.bss)
    mem2base                                 0x68000000   Data       983040  malloc.o(.ARM.__AT_0x68000000)
    mem2mapbase                              0x680f0000   Data       61440  malloc.o(.ARM.__AT_0x680F0000)



==============================================================================

Memory Map of the image

  Image Entry point : 0x08000131

  Load Region LR_IROM1 (Base: 0x08000000, Size: 0x0000c21c, Max: 0x00080000, ABSOLUTE)

    Execution Region ER_IROM1 (Base: 0x08000000, Size: 0x0000c108, Max: 0x00080000, ABSOLUTE)

    Base Addr    Size         Type   Attr      Idx    E Section Name        Object

    0x08000000   0x00000130   Data   RO          318    RESET               startup_stm32f10x_hd.o
    0x08000130   0x00000008   Code   RO          804  * !!!main             c_w.l(__main.o)
    0x08000138   0x00000034   Code   RO         1087    !!!scatter          c_w.l(__scatter.o)
    0x0800016c   0x0000001a   Code   RO         1089    !!handler_copy      c_w.l(__scatter_copy.o)
    0x08000186   0x00000002   PAD
    0x08000188   0x0000001c   Code   RO         1091    !!handler_zi        c_w.l(__scatter_zi.o)
    0x080001a4   0x00000000   Code   RO          896    .ARM.Collect$$_printf_percent$$00000000  c_w.l(_printf_percent.o)
    0x080001a4   0x00000006   Code   RO          885    .ARM.Collect$$_printf_percent$$00000001  c_w.l(_printf_n.o)
    0x080001aa   0x00000006   Code   RO          887    .ARM.Collect$$_printf_percent$$00000002  c_w.l(_printf_p.o)
    0x080001b0   0x00000006   Code   RO          892    .ARM.Collect$$_printf_percent$$00000003  c_w.l(_printf_f.o)
    0x080001b6   0x00000006   Code   RO          893    .ARM.Collect$$_printf_percent$$00000004  c_w.l(_printf_e.o)
    0x080001bc   0x00000006   Code   RO          894    .ARM.Collect$$_printf_percent$$00000005  c_w.l(_printf_g.o)
    0x080001c2   0x00000006   Code   RO          895    .ARM.Collect$$_printf_percent$$00000006  c_w.l(_printf_a.o)
    0x080001c8   0x0000000a   Code   RO          900    .ARM.Collect$$_printf_percent$$00000007  c_w.l(_printf_ll.o)
    0x080001d2   0x00000006   Code   RO          889    .ARM.Collect$$_printf_percent$$00000008  c_w.l(_printf_i.o)
    0x080001d8   0x00000006   Code   RO          890    .ARM.Collect$$_printf_percent$$00000009  c_w.l(_printf_d.o)
    0x080001de   0x00000006   Code   RO          891    .ARM.Collect$$_printf_percent$$0000000A  c_w.l(_printf_u.o)
    0x080001e4   0x00000006   Code   RO          888    .ARM.Collect$$_printf_percent$$0000000B  c_w.l(_printf_o.o)
    0x080001ea   0x00000006   Code   RO          886    .ARM.Collect$$_printf_percent$$0000000C  c_w.l(_printf_x.o)
    0x080001f0   0x00000006   Code   RO          897    .ARM.Collect$$_printf_percent$$0000000D  c_w.l(_printf_lli.o)
    0x080001f6   0x00000006   Code   RO          898    .ARM.Collect$$_printf_percent$$0000000E  c_w.l(_printf_lld.o)
    0x080001fc   0x00000006   Code   RO          899    .ARM.Collect$$_printf_percent$$0000000F  c_w.l(_printf_llu.o)
    0x08000202   0x00000006   Code   RO          904    .ARM.Collect$$_printf_percent$$00000010  c_w.l(_printf_llo.o)
    0x08000208   0x00000006   Code   RO          905    .ARM.Collect$$_printf_percent$$00000011  c_w.l(_printf_llx.o)
    0x0800020e   0x0000000a   Code   RO          901    .ARM.Collect$$_printf_percent$$00000012  c_w.l(_printf_l.o)
    0x08000218   0x00000006   Code   RO          883    .ARM.Collect$$_printf_percent$$00000013  c_w.l(_printf_c.o)
    0x0800021e   0x00000006   Code   RO          884    .ARM.Collect$$_printf_percent$$00000014  c_w.l(_printf_s.o)
    0x08000224   0x00000006   Code   RO          902    .ARM.Collect$$_printf_percent$$00000015  c_w.l(_printf_lc.o)
    0x0800022a   0x00000006   Code   RO          903    .ARM.Collect$$_printf_percent$$00000016  c_w.l(_printf_ls.o)
    0x08000230   0x00000004   Code   RO          933    .ARM.Collect$$_printf_percent$$00000017  c_w.l(_printf_percent_end.o)
    0x08000234   0x00000002   Code   RO          951    .ARM.Collect$$libinit$$00000000  c_w.l(libinit.o)
    0x08000236   0x00000000   Code   RO          972    .ARM.Collect$$libinit$$00000002  c_w.l(libinit2.o)
    0x08000236   0x00000000   Code   RO          974    .ARM.Collect$$libinit$$00000004  c_w.l(libinit2.o)
    0x08000236   0x00000000   Code   RO          977    .ARM.Collect$$libinit$$0000000A  c_w.l(libinit2.o)
    0x08000236   0x00000000   Code   RO          979    .ARM.Collect$$libinit$$0000000C  c_w.l(libinit2.o)
    0x08000236   0x00000000   Code   RO          981    .ARM.Collect$$libinit$$0000000E  c_w.l(libinit2.o)
    0x08000236   0x00000006   Code   RO          982    .ARM.Collect$$libinit$$0000000F  c_w.l(libinit2.o)
    0x0800023c   0x00000000   Code   RO          984    .ARM.Collect$$libinit$$00000011  c_w.l(libinit2.o)
    0x0800023c   0x0000000c   Code   RO          985    .ARM.Collect$$libinit$$00000012  c_w.l(libinit2.o)
    0x08000248   0x00000000   Code   RO          986    .ARM.Collect$$libinit$$00000013  c_w.l(libinit2.o)
    0x08000248   0x00000000   Code   RO          988    .ARM.Collect$$libinit$$00000015  c_w.l(libinit2.o)
    0x08000248   0x00000000   Code   RO          990    .ARM.Collect$$libinit$$00000017  c_w.l(libinit2.o)
    0x08000248   0x00000000   Code   RO          992    .ARM.Collect$$libinit$$00000019  c_w.l(libinit2.o)
    0x08000248   0x00000000   Code   RO          994    .ARM.Collect$$libinit$$0000001B  c_w.l(libinit2.o)
    0x08000248   0x00000000   Code   RO          996    .ARM.Collect$$libinit$$0000001D  c_w.l(libinit2.o)
    0x08000248   0x00000000   Code   RO          998    .ARM.Collect$$libinit$$0000001F  c_w.l(libinit2.o)
    0x08000248   0x00000000   Code   RO         1000    .ARM.Collect$$libinit$$00000021  c_w.l(libinit2.o)
    0x08000248   0x00000000   Code   RO         1002    .ARM.Collect$$libinit$$00000023  c_w.l(libinit2.o)
    0x08000248   0x00000000   Code   RO         1004    .ARM.Collect$$libinit$$00000025  c_w.l(libinit2.o)
    0x08000248   0x00000000   Code   RO         1008    .ARM.Collect$$libinit$$0000002C  c_w.l(libinit2.o)
    0x08000248   0x00000000   Code   RO         1010    .ARM.Collect$$libinit$$0000002E  c_w.l(libinit2.o)
    0x08000248   0x00000000   Code   RO         1012    .ARM.Collect$$libinit$$00000030  c_w.l(libinit2.o)
    0x08000248   0x00000000   Code   RO         1014    .ARM.Collect$$libinit$$00000032  c_w.l(libinit2.o)
    0x08000248   0x00000002   Code   RO         1015    .ARM.Collect$$libinit$$00000033  c_w.l(libinit2.o)
    0x0800024a   0x00000002   Code   RO         1043    .ARM.Collect$$libshutdown$$00000000  c_w.l(libshutdown.o)
    0x0800024c   0x00000000   Code   RO         1070    .ARM.Collect$$libshutdown$$00000002  c_w.l(libshutdown2.o)
    0x0800024c   0x00000000   Code   RO         1072    .ARM.Collect$$libshutdown$$00000004  c_w.l(libshutdown2.o)
    0x0800024c   0x00000000   Code   RO         1075    .ARM.Collect$$libshutdown$$00000007  c_w.l(libshutdown2.o)
    0x0800024c   0x00000000   Code   RO         1078    .ARM.Collect$$libshutdown$$0000000A  c_w.l(libshutdown2.o)
    0x0800024c   0x00000000   Code   RO         1080    .ARM.Collect$$libshutdown$$0000000C  c_w.l(libshutdown2.o)
    0x0800024c   0x00000000   Code   RO         1083    .ARM.Collect$$libshutdown$$0000000F  c_w.l(libshutdown2.o)
    0x0800024c   0x00000002   Code   RO         1084    .ARM.Collect$$libshutdown$$00000010  c_w.l(libshutdown2.o)
    0x0800024e   0x00000000   Code   RO          808    .ARM.Collect$$rtentry$$00000000  c_w.l(__rtentry.o)
    0x0800024e   0x00000000   Code   RO          907    .ARM.Collect$$rtentry$$00000002  c_w.l(__rtentry2.o)
    0x0800024e   0x00000006   Code   RO          919    .ARM.Collect$$rtentry$$00000004  c_w.l(__rtentry4.o)
    0x08000254   0x00000000   Code   RO          909    .ARM.Collect$$rtentry$$00000009  c_w.l(__rtentry2.o)
    0x08000254   0x00000004   Code   RO          910    .ARM.Collect$$rtentry$$0000000A  c_w.l(__rtentry2.o)
    0x08000258   0x00000000   Code   RO          912    .ARM.Collect$$rtentry$$0000000C  c_w.l(__rtentry2.o)
    0x08000258   0x00000008   Code   RO          913    .ARM.Collect$$rtentry$$0000000D  c_w.l(__rtentry2.o)
    0x08000260   0x00000002   Code   RO          955    .ARM.Collect$$rtexit$$00000000  c_w.l(rtexit.o)
    0x08000262   0x00000000   Code   RO         1017    .ARM.Collect$$rtexit$$00000002  c_w.l(rtexit2.o)
    0x08000262   0x00000004   Code   RO         1018    .ARM.Collect$$rtexit$$00000003  c_w.l(rtexit2.o)
    0x08000266   0x00000006   Code   RO         1019    .ARM.Collect$$rtexit$$00000004  c_w.l(rtexit2.o)
    0x0800026c   0x000005e0   Code   RO            1    .text               main.o
    0x0800084c   0x00000016   Code   RO          155    .text               stm32f10x_it.o
    0x08000862   0x00000002   PAD
    0x08000864   0x000001e0   Code   RO          187    .text               system_stm32f10x.o
    0x08000a44   0x00000068   Code   RO          205    .text               led.o
    0x08000aac   0x0000014c   Code   RO          217    .text               delay.o
    0x08000bf8   0x00000288   Code   RO          248    .text               usart.o
    0x08000e80   0x000000dc   Code   RO          275    .text               msg.o
    0x08000f5c   0x00000070   Code   RO          294    .text               upcom.o
    0x08000fcc   0x00000040   Code   RO          319    .text               startup_stm32f10x_hd.o
    0x0800100c   0x000000dc   Code   RO          323    .text               misc.o
    0x080010e8   0x0000035c   Code   RO          335    .text               stm32f10x_gpio.o
    0x08001444   0x00000408   Code   RO          347    .text               stm32f10x_usart.o
    0x0800184c   0x000003a4   Code   RO          359    .text               stm32f10x_rcc.o
    0x08001bf0   0x00000084   Code   RO          373    .text               bsp.o
    0x08001c74   0x000002a8   Code   RO          388    .text               cpu_core.o
    0x08001f1c   0x00000034   Code   RO          426    .text               cpu_a.o
    0x08001f50   0x00000256   Code   RO          429    .text               lib_ascii.o
    0x080021a6   0x00000002   PAD
    0x080021a8   0x000009c6   Code   RO          462    .text               lib_mem.o
    0x08002b6e   0x00000002   PAD
    0x08002b70   0x0000092c   Code   RO          481    .text               lib_str.o
    0x0800349c   0x00000220   Code   RO          498    .text               lib_mem_a.o
    0x080036bc   0x000000fc   Code   RO          501    .text               os_cfg_app.o
    0x080037b8   0x00000e04   Code   RO          524    .text               os_core.o
    0x080045bc   0x000001b0   Code   RO          536    .text               os_dbg.o
    0x0800476c   0x00000e28   Code   RO          551    .text               os_flag.o
    0x08005594   0x00000444   Code   RO          563    .text               os_int.o
    0x080059d8   0x00000238   Code   RO          575    .text               os_mem.o
    0x08005c10   0x0000022c   Code   RO          587    .text               os_msg.o
    0x08005e3c   0x00000ad4   Code   RO          599    .text               os_mutex.o
    0x08006910   0x0000007c   Code   RO          617    .text               os_prio.o
    0x0800698c   0x000008d8   Code   RO          636    .text               os_q.o
    0x08007264   0x00000830   Code   RO          648    .text               os_sem.o
    0x08007a94   0x00000638   Code   RO          660    .text               os_stat.o
    0x080080cc   0x00001bb4   Code   RO          672    .text               os_task.o
    0x08009c80   0x000004fc   Code   RO          684    .text               os_tick.o
    0x0800a17c   0x00000564   Code   RO          696    .text               os_time.o
    0x0800a6e0   0x00000818   Code   RO          708    .text               os_tmr.o
    0x0800aef8   0x0000026c   Code   RO          737    .text               os_cpu_c.o
    0x0800b164   0x00000002   Code   RO          794    .text               c_w.l(use_no_semi_2.o)
    0x0800b166   0x000000ee   Code   RO          796    .text               c_w.l(lludivv7m.o)
    0x0800b254   0x00000034   Code   RO          798    .text               c_w.l(_vsnprintf.o)
    0x0800b288   0x0000003e   Code   RO          800    .text               c_w.l(strlen.o)
    0x0800b2c6   0x00000006   Code   RO          802    .text               c_w.l(heapauxi.o)
    0x0800b2cc   0x00000002   Code   RO          806    .text               c_w.l(use_no_semi.o)
    0x0800b2ce   0x0000004e   Code   RO          815    .text               c_w.l(_printf_pad.o)
    0x0800b31c   0x00000024   Code   RO          817    .text               c_w.l(_printf_truncate.o)
    0x0800b340   0x00000052   Code   RO          819    .text               c_w.l(_printf_str.o)
    0x0800b392   0x00000002   PAD
    0x0800b394   0x00000078   Code   RO          821    .text               c_w.l(_printf_dec.o)
    0x0800b40c   0x00000028   Code   RO          823    .text               c_w.l(_printf_charcount.o)
    0x0800b434   0x00000030   Code   RO          825    .text               c_w.l(_printf_char_common.o)
    0x0800b464   0x0000000a   Code   RO          827    .text               c_w.l(_sputc.o)
    0x0800b46e   0x00000010   Code   RO          829    .text               c_w.l(_snputc.o)
    0x0800b47e   0x00000002   PAD
    0x0800b480   0x000000bc   Code   RO          831    .text               c_w.l(_printf_wctomb.o)
    0x0800b53c   0x0000007c   Code   RO          834    .text               c_w.l(_printf_longlong_dec.o)
    0x0800b5b8   0x00000070   Code   RO          840    .text               c_w.l(_printf_oct_int_ll.o)
    0x0800b628   0x00000094   Code   RO          860    .text               c_w.l(_printf_hex_int_ll_ptr.o)
    0x0800b6bc   0x00000188   Code   RO          880    .text               c_w.l(__printf_flags_ss_wp.o)
    0x0800b844   0x0000008a   Code   RO          923    .text               c_w.l(lludiv10.o)
    0x0800b8ce   0x000000b2   Code   RO          925    .text               c_w.l(_printf_intcommon.o)
    0x0800b980   0x0000002c   Code   RO          929    .text               c_w.l(_printf_char.o)
    0x0800b9ac   0x0000002c   Code   RO          931    .text               c_w.l(_printf_wchar.o)
    0x0800b9d8   0x00000040   Code   RO          934    .text               c_w.l(_wcrtomb.o)
    0x0800ba18   0x0000004a   Code   RO          936    .text               c_w.l(sys_stackheap_outer.o)
    0x0800ba62   0x00000002   PAD
    0x0800ba64   0x00000010   Code   RO          938    .text               c_w.l(rt_ctype_table.o)
    0x0800ba74   0x00000012   Code   RO          940    .text               c_w.l(exit.o)
    0x0800ba86   0x00000002   PAD
    0x0800ba88   0x00000008   Code   RO          952    .text               c_w.l(libspace.o)
    0x0800ba90   0x00000008   Code   RO          962    .text               c_w.l(rt_locale_intlibspace.o)
    0x0800ba98   0x00000080   Code   RO         1027    .text               c_w.l(strcmpv7m.o)
    0x0800bb18   0x00000098   Code   RO          734    CODE                os_cpu_a.o
    0x0800bbb0   0x0000000e   Code   RO          873    i._is_digit         c_w.l(__printf_wp.o)
    0x0800bbbe   0x00000002   PAD
    0x0800bbc0   0x0000002c   Code   RO          965    locale$$code        c_w.l(lc_ctype_c.o)
    0x0800bbec   0x00000104   Data   RO          390    .constdata          cpu_core.o
    0x0800bcf0   0x00000094   Data   RO          482    .constdata          lib_str.o
    0x0800bd84   0x000000a4   Data   RO          503    .constdata          os_cfg_app.o
    0x0800be28   0x0000016c   Data   RO          537    .constdata          os_dbg.o
    0x0800bf94   0x00000008   Data   RO          832    .constdata          c_w.l(_printf_wctomb.o)
    0x0800bf9c   0x00000028   Data   RO          861    .constdata          c_w.l(_printf_hex_int_ll_ptr.o)
    0x0800bfc4   0x00000011   Data   RO          881    .constdata          c_w.l(__printf_flags_ss_wp.o)
    0x0800bfd5   0x00000003   PAD
    0x0800bfd8   0x00000020   Data   RO         1085    Region$$Table       anon$$obj.o
    0x0800bff8   0x00000110   Data   RO          964    locale$$data        c_w.l(lc_ctype_c.o)


    Execution Region RW_IRAM1 (Base: 0x20000000, Size: 0x000049d8, Max: 0x00010000, ABSOLUTE)

    Base Addr    Size         Type   Attr      Idx    E Section Name        Object

    0x20000000   0x00000003   Data   RW            3    .data               main.o
    0x20000003   0x00000001   PAD
    0x20000004   0x00000014   Data   RW          188    .data               system_stm32f10x.o
    0x20000018   0x00000004   Data   RW          218    .data               delay.o
    0x2000001c   0x00000008   Data   RW          250    .data               usart.o
    0x20000024   0x00000014   Data   RW          360    .data               stm32f10x_rcc.o
    0x20000038   0x00000004   Data   RW          391    .data               cpu_core.o
    0x2000003c   0x00000004   Data   RW          464    .data               lib_mem.o
    0x20000040   0x00000008   Data   RW          618    .data               os_prio.o
    0x20000048   0x000000c8   Data   RW          721    .data               os_var.o
    0x20000110   0x00000004   Data   RW          738    .data               os_cpu_c.o
    0x20000114   0x00000004   PAD
    0x20000118   0x00001d00   Zero   RW            2    .bss                main.o
    0x20001e18   0x00000140   Zero   RW          249    .bss                usart.o
    0x20001f58   0x00000058   Zero   RW          276    .bss                msg.o
    0x20001fb0   0x00000010   Zero   RW          389    .bss                cpu_core.o
    0x20001fc0   0x00000448   Zero   RW          463    .bss                lib_mem.o
    0x20002408   0x00001490   Zero   RW          502    .bss                os_cfg_app.o
    0x20003898   0x000006e0   Zero   RW          720    .bss                os_var.o
    0x20003f78   0x00000060   Zero   RW          953    .bss                c_w.l(libspace.o)
    0x20003fd8   0x00000200   Zero   RW          317    HEAP                startup_stm32f10x_hd.o
    0x200041d8   0x00000800   Zero   RW          316    STACK               startup_stm32f10x_hd.o



  Load Region LR$$.ARM.__AT_0x68000000 (Base: 0x68000000, Size: 0x00000000, Max: 0x000f0000, ABSOLUTE)

    Execution Region ER$$.ARM.__AT_0x68000000 (Base: 0x68000000, Size: 0x000f0000, Max: 0x000f0000, ABSOLUTE, UNINIT)

    Base Addr    Size         Type   Attr      Idx    E Section Name        Object

    0x68000000   0x000f0000   Zero   RW          771    .ARM.__AT_0x68000000  malloc.o



  Load Region LR$$.ARM.__AT_0x680F0000 (Base: 0x680f0000, Size: 0x00000000, Max: 0x0000f000, ABSOLUTE)

    Execution Region ER$$.ARM.__AT_0x680F0000 (Base: 0x680f0000, Size: 0x0000f000, Max: 0x0000f000, ABSOLUTE, UNINIT)

    Base Addr    Size         Type   Attr      Idx    E Section Name        Object

    0x680f0000   0x0000f000   Zero   RW          772    .ARM.__AT_0x680F0000  malloc.o


==============================================================================

Image component sizes


      Code (inc. data)   RO Data    RW Data    ZI Data      Debug   Object Name

       132         12          0          0          0       1131   bsp.o
        52          0          0          0          0        324   cpu_a.o
       680         14        260          4         16      14303   cpu_core.o
       332         28          0          4          0       1777   delay.o
       104         12          0          0          0        483   led.o
       598          0          0          0          0       3864   lib_ascii.o
      2502         32          0          4       1096      22148   lib_mem.o
       544          0          0          0          0        468   lib_mem_a.o
      2348          6        148          0          0      13734   lib_str.o
      1504        410          0          3       7424     276290   main.o
         0          0          0          0    1044480       1501   malloc.o
       220         22          0          0          0       1785   misc.o
       220        126          0          0         88       1164   msg.o
       252        166        164          0       5264      20834   os_cfg_app.o
      3588        294          0          0          0      12421   os_core.o
       152         32          0          0          0        380   os_cpu_a.o
       620         66          0          4          0       3741   os_cpu_c.o
       432        286        364          0          0       4701   os_dbg.o
      3624        110          0          0          0       8003   os_flag.o
      1092        146          0          0          0       2308   os_int.o
       568         20          0          0          0       2732   os_mem.o
       556         12          0          0          0       2767   os_msg.o
      2772        114          0          0          0       5538   os_mutex.o
       124          4          0          8          0       1696   os_prio.o
      2264         76          0          0          0       6304   os_q.o
      2096         70          0          0          0       6324   os_sem.o
      1592        180          0          0          0       2785   os_stat.o
      7092        270          0          0          0      14150   os_task.o
      1276         90          0          0          0       3257   os_tick.o
      1380         46          0          0          0       3261   os_time.o
      2072        140          0          0          0       6450   os_tmr.o
         0          0          0        200       1760      19325   os_var.o
        64         26        304          0       2560        780   startup_stm32f10x_hd.o
       860         38          0          0          0       5725   stm32f10x_gpio.o
        22          0          0          0          0        979   stm32f10x_it.o
       932         36          0         20          0       8892   stm32f10x_rcc.o
      1032         22          0          0          0       8444   stm32f10x_usart.o
         0          0          0          0          0         32   sys.o
       480         38          0         20          0       1679   system_stm32f10x.o
       112         44          0          0          0        513   upcom.o
       648         32          0          8        320       5179   usart.o

    ----------------------------------------------------------------------
     44944       3020       1272        276    1063012     498172   Object Totals
         0          0         32          0          0          0   (incl. Generated)
         6          0          0          1          4          0   (incl. Padding)

    ----------------------------------------------------------------------

      Code (inc. data)   RO Data    RW Data    ZI Data      Debug   Library Member Name

         8          0          0          0          0         68   __main.o
       392          4         17          0          0         92   __printf_flags_ss_wp.o
        14          0          0          0          0         68   __printf_wp.o
         0          0          0          0          0          0   __rtentry.o
        12          0          0          0          0          0   __rtentry2.o
         6          0          0          0          0          0   __rtentry4.o
        52          8          0          0          0          0   __scatter.o
        26          0          0          0          0          0   __scatter_copy.o
        28          0          0          0          0          0   __scatter_zi.o
         6          0          0          0          0          0   _printf_a.o
         6          0          0          0          0          0   _printf_c.o
        44          0          0          0          0        108   _printf_char.o
        48          6          0          0          0         96   _printf_char_common.o
        40          0          0          0          0         68   _printf_charcount.o
         6          0          0          0          0          0   _printf_d.o
       120         16          0          0          0         92   _printf_dec.o
         6          0          0          0          0          0   _printf_e.o
         6          0          0          0          0          0   _printf_f.o
         6          0          0          0          0          0   _printf_g.o
       148          4         40          0          0        160   _printf_hex_int_ll_ptr.o
         6          0          0          0          0          0   _printf_i.o
       178          0          0          0          0         88   _printf_intcommon.o
        10          0          0          0          0          0   _printf_l.o
         6          0          0          0          0          0   _printf_lc.o
        10          0          0          0          0          0   _printf_ll.o
         6          0          0          0          0          0   _printf_lld.o
         6          0          0          0          0          0   _printf_lli.o
         6          0          0          0          0          0   _printf_llo.o
         6          0          0          0          0          0   _printf_llu.o
         6          0          0          0          0          0   _printf_llx.o
       124         16          0          0          0         92   _printf_longlong_dec.o
         6          0          0          0          0          0   _printf_ls.o
         6          0          0          0          0          0   _printf_n.o
         6          0          0          0          0          0   _printf_o.o
       112          8          0          0          0        124   _printf_oct_int_ll.o
         6          0          0          0          0          0   _printf_p.o
        78          0          0          0          0        108   _printf_pad.o
         0          0          0          0          0          0   _printf_percent.o
         4          0          0          0          0          0   _printf_percent_end.o
         6          0          0          0          0          0   _printf_s.o
        82          0          0          0          0         80   _printf_str.o
        36          0          0          0          0         84   _printf_truncate.o
         6          0          0          0          0          0   _printf_u.o
        44          0          0          0          0        108   _printf_wchar.o
       188          6          8          0          0         92   _printf_wctomb.o
         6          0          0          0          0          0   _printf_x.o
        16          0          0          0          0         68   _snputc.o
        10          0          0          0          0         68   _sputc.o
        52          4          0          0          0         80   _vsnprintf.o
        64          0          0          0          0         92   _wcrtomb.o
        18          0          0          0          0         80   exit.o
         6          0          0          0          0        152   heapauxi.o
        44         10        272          0          0         76   lc_ctype_c.o
         2          0          0          0          0          0   libinit.o
        20          0          0          0          0          0   libinit2.o
         2          0          0          0          0          0   libshutdown.o
         2          0          0          0          0          0   libshutdown2.o
         8          4          0          0         96         68   libspace.o
       138          0          0          0          0         80   lludiv10.o
       238          0          0          0          0        100   lludivv7m.o
        16          4          0          0          0         76   rt_ctype_table.o
         8          4          0          0          0         68   rt_locale_intlibspace.o
         2          0          0          0          0          0   rtexit.o
        10          0          0          0          0          0   rtexit2.o
       128          0          0          0          0         68   strcmpv7m.o
        62          0          0          0          0         76   strlen.o
        74          0          0          0          0         80   sys_stackheap_outer.o
         2          0          0          0          0         68   use_no_semi.o
         2          0          0          0          0         68   use_no_semi_2.o

    ----------------------------------------------------------------------
      2860         94        340          0         96       2896   Library Totals
        12          0          3          0          0          0   (incl. Padding)

    ----------------------------------------------------------------------

      Code (inc. data)   RO Data    RW Data    ZI Data      Debug   Library Name

      2848         94        337          0         96       2896   c_w.l

    ----------------------------------------------------------------------
      2860         94        340          0         96       2896   Library Totals

    ----------------------------------------------------------------------

==============================================================================


      Code (inc. data)   RO Data    RW Data    ZI Data      Debug   

     47804       3114       1612        276    1063108     496176   Grand Totals
     47804       3114       1612        276    1063108     496176   ELF Image Totals
     47804       3114       1612        276          0          0   ROM Totals

==============================================================================

    Total RO  Size (Code + RO Data)                49416 (  48.26kB)
    Total RW  Size (RW Data + ZI Data)           1063384 (1038.46kB)
    Total ROM Size (Code + RO Data + RW Data)      49692 (  48.53kB)

==============================================================================

